../Core/Src/ESP8266_STM32.c:32:16:ESP_Init	16	static
../Core/Src/ESP8266_STM32.c:62:16:ESP_ConnectWiFi	168	static
../Core/Src/ESP8266_STM32.c:103:25:ESP_GetConnectionState	4	static
../Core/Src/ESP8266_STM32.c:110:16:ESP_MQTT_Connect	368	static
../Core/Src/ESP8266_STM32.c:155:16:ESP_MQTT_Publish	360	static
../Core/Src/ESP8266_STM32.c:206:16:ESP_MQTT_Ping	48	static
../Core/Src/ESP8266_STM32.c:239:23:ESP_GetIP	48	static
../Core/Src/ESP8266_STM32.c:298:23:ESP_SendCommand	40	static
../Core/Src/ESP8266_STM32.c:354:23:ESP_SendBinary	40	static
../Core/Src/ESP8266_STM32.c:405:12:MQTT_BuildConnect	48	static
../Core/Src/ESP8266_STM32.c:454:16:ESP_CheckTCPConnection	8	static
