../Core/Src/main.c:204:5:_write	24	static
../Core/Src/main.c:209:6:delay_us	16	static
../Core/Src/main.c:215:15:Set_Servo_RL_Action	24	static
../Core/Src/main.c:230:9:select_best_action	16	static
../Core/Src/main.c:238:6:add_distance_reading	16	static
../Core/Src/main.c:252:7:calculate_speed_improved	88	static
../Core/Src/main.c:326:6:HAL_TIM_IC_CaptureCallback	16	static
../Core/Src/main.c:354:9:HCSR04_Read	16	static
../Core/Src/main.c:388:6:check_ir_sensor_state	16	static
../Core/Src/main.c:422:6:update_density_calculation	16	static
../Core/Src/main.c:438:6:servo_set_angle	24	static
../Core/Src/main.c:460:6:control_speed_bump	48	static
../Core/Src/main.c:558:6:update_oled_display	72	static
../Core/Src/main.c:587:7:create_data_packet	32	static
../Core/Src/main.c:603:6:print_diagnostics	32	static
../Core/Src/main.c:642:5:main	48	static
../Core/Src/main.c:937:6:SystemClock_Config	88	static
../Core/Src/main.c:985:13:MX_I2C1_Init	8	static
../Core/Src/main.c:1019:13:MX_RTC_Init	72	static
../Core/Src/main.c:1101:13:MX_TIM1_Init	48	static
../Core/Src/main.c:1160:13:MX_TIM2_Init	32	static
../Core/Src/main.c:1205:13:MX_TIM3_Init	48	static
../Core/Src/main.c:1266:13:MX_TIM4_Init	48	static
../Core/Src/main.c:1315:13:MX_USART2_UART_Init	8	static
../Core/Src/main.c:1348:13:MX_USART6_UART_Init	8	static
../Core/Src/main.c:1381:13:MX_GPIO_Init	40	static
../Core/Src/main.c:1422:6:Error_Handler	4	static,ignoring_inline_asm
