../Core/Src/main.c:195:5:_write	24	static
../Core/Src/main.c:200:6:delay_us	16	static
../Core/Src/main.c:206:15:Set_Servo_RL_Action	24	static
../Core/Src/main.c:221:9:select_best_action	16	static
../Core/Src/main.c:229:6:add_distance_reading	16	static
../Core/Src/main.c:243:7:calculate_speed_improved	80	static
../Core/Src/main.c:316:6:HAL_TIM_IC_CaptureCallback	16	static
../Core/Src/main.c:344:9:HCSR04_Read	16	static
../Core/Src/main.c:378:6:check_ir_sensor_state	16	static
../Core/Src/main.c:407:6:update_density_calculation	16	static
../Core/Src/main.c:423:6:servo_set_angle	24	static
../Core/Src/main.c:445:6:control_speed_bump	48	static
../Core/Src/main.c:521:6:update_oled_display	72	static
../Core/Src/main.c:550:7:create_data_packet	32	static
../Core/Src/main.c:566:6:print_diagnostics	32	static
../Core/Src/main.c:605:5:main	32	static
../Core/Src/main.c:876:6:SystemClock_Config	88	static
../Core/Src/main.c:924:13:MX_I2C1_Init	8	static
../Core/Src/main.c:958:13:MX_RTC_Init	72	static
../Core/Src/main.c:1040:13:MX_TIM1_Init	48	static
../Core/Src/main.c:1099:13:MX_TIM2_Init	32	static
../Core/Src/main.c:1144:13:MX_TIM3_Init	48	static
../Core/Src/main.c:1201:13:MX_TIM4_Init	48	static
../Core/Src/main.c:1250:13:MX_USART2_UART_Init	8	static
../Core/Src/main.c:1283:13:MX_USART6_UART_Init	8	static
../Core/Src/main.c:1316:13:MX_GPIO_Init	40	static
../Core/Src/main.c:1357:6:Error_Handler	4	static,ignoring_inline_asm
