../Core/Src/main.c:204:5:_write	1
../Core/Src/main.c:209:6:delay_us	2
../Core/Src/main.c:215:15:Set_Servo_RL_Action	2
../Core/Src/main.c:230:9:select_best_action	3
../Core/Src/main.c:238:6:add_distance_reading	2
../Core/Src/main.c:252:7:calculate_speed_improved	15
../Core/Src/main.c:326:6:HAL_TIM_IC_CaptureCallback	4
../Core/Src/main.c:354:9:HCSR04_Read	6
../Core/Src/main.c:388:6:check_ir_sensor_state	6
../Core/Src/main.c:422:6:update_density_calculation	2
../Core/Src/main.c:438:6:servo_set_angle	6
../Core/Src/main.c:460:6:control_speed_bump	10
../Core/Src/main.c:558:6:update_oled_display	2
../Core/Src/main.c:587:7:create_data_packet	2
../Core/Src/main.c:603:6:print_diagnostics	4
../Core/Src/main.c:642:5:main	23
../Core/Src/main.c:935:6:SystemClock_Config	3
../Core/Src/main.c:983:13:MX_I2C1_Init	2
../Core/Src/main.c:1017:13:MX_RTC_Init	5
../Core/Src/main.c:1099:13:MX_TIM1_Init	6
../Core/Src/main.c:1158:13:MX_TIM2_Init	4
../Core/Src/main.c:1203:13:MX_TIM3_Init	7
../Core/Src/main.c:1264:13:MX_TIM4_Init	4
../Core/Src/main.c:1313:13:MX_USART2_UART_Init	2
../Core/Src/main.c:1346:13:MX_USART6_UART_Init	2
../Core/Src/main.c:1379:13:MX_GPIO_Init	1
../Core/Src/main.c:1420:6:Error_Handler	1
