../Core/Src/main.c:190:5:_write	24	static
../Core/Src/main.c:195:6:delay_us	16	static
../Core/Src/main.c:201:15:Set_Servo_RL_Action	24	static
../Core/Src/main.c:216:9:select_best_action	16	static
../Core/Src/main.c:224:6:add_distance_reading	16	static
../Core/Src/main.c:238:7:calculate_speed_improved	80	static
../Core/Src/main.c:311:6:HAL_TIM_IC_CaptureCallback	16	static
../Core/Src/main.c:339:9:HCSR04_Read	16	static
../Core/Src/main.c:402:6:check_ir_sensor_state	32	static
../Core/Src/main.c:427:6:update_density_calculation	16	static
../Core/Src/main.c:443:6:servo_set_angle	24	static
../Core/Src/main.c:462:6:control_speed_bump	48	static
../Core/Src/main.c:535:6:update_oled_display	72	static
../Core/Src/main.c:564:7:create_data_packet	32	static
../Core/Src/main.c:580:6:print_diagnostics	32	static
../Core/Src/main.c:619:5:main	32	static
../Core/Src/main.c:883:6:SystemClock_Config	88	static
../Core/Src/main.c:931:13:MX_I2C1_Init	8	static
../Core/Src/main.c:965:13:MX_RTC_Init	72	static
../Core/Src/main.c:1047:13:MX_TIM1_Init	48	static
../Core/Src/main.c:1106:13:MX_TIM2_Init	32	static
../Core/Src/main.c:1151:13:MX_TIM3_Init	48	static
../Core/Src/main.c:1208:13:MX_USART2_UART_Init	8	static
../Core/Src/main.c:1241:13:MX_USART6_UART_Init	8	static
../Core/Src/main.c:1274:13:MX_GPIO_Init	40	static
../Core/Src/main.c:1315:6:Error_Handler	4	static,ignoring_inline_asm
